// Jest Snapshot v1, https://goo.gl/fbAQLP

exports[`FollowButton snapshots Renders FollowButton properly 1`] = `
.c2 {
  font-family: Unica77LLWebMedium,'Helvetica Neue',Helvetica,Arial,sans-serif;
  font-weight: 500;
  font-size: 14px;
  line-height: 20px;
  padding-top: 1px;
}

.c1 {
  position: absolute;
  top: 50%;
  left: 50%;
  -webkit-transform: translate(-50%,-50%);
  -ms-transform: translate(-50%,-50%);
  transform: translate(-50%,-50%);
}

.c3 {
  opacity: 0;
  pointer-events: none;
}

.c0 {
  cursor: pointer;
  position: relative;
  white-space: nowrap;
  border: 2px solid;
  border-radius: 3px;
  border-radius: 3px;
  padding-left: 20px;
  padding-right: 20px;
  height: 41px;
  -webkit-transition: 0.25s ease;
  transition: 0.25s ease;
  background-color: #000;
  border-color: #000;
  color: #FFF;
}

.c0.loading {
  -webkit-transition: none;
  transition: none;
  background-color: transparent;
  color: transparent;
  border: 0;
  cursor: auto;
}

.c0.disabled {
  background-color: #E5E5E5;
  border-color: #E5E5E5;
  color: #FFF;
  pointer-events: none;
}

@media not all and (pointer:coarse),not all and (-moz-touch-enabled:1) {
  .c0:hover {
    background-color: #6E1EFF;
    border-color: #6E1EFF;
    color: #FFF;
  }
}

<button
  className="c0"
  data-test="followButton"
  height="41px"
  onClick={[Function]}
  onMouseEnter={[Function]}
  onMouseLeave={[Function]}
>
  <div
    className="c1 c2"
    fontFamily={
      Object {
        "fontFamily": "Unica77LLWebMedium, 'Helvetica Neue', Helvetica, Arial, sans-serif",
        "fontWeight": 500,
      }
    }
    fontSize="14px"
    style={Object {}}
  >
    Follow
  </div>
  <div
    className="c3 c2"
    fontFamily={
      Object {
        "fontFamily": "Unica77LLWebMedium, 'Helvetica Neue', Helvetica, Arial, sans-serif",
        "fontWeight": 500,
      }
    }
    fontSize="14px"
    role="presentation"
    style={Object {}}
  >
    following
  </div>
</button>
`;
